DataLoader ready: {'seed': 0, 'fold': 0, 'date_tag': 'RBRICS0.6', 'output_dir': 'EXPT-01', 'dataset_name': 'BBBP', 'column_name': None, 'task_type': 'BinaryClass', 'algorithm': 'RBRICS', 'base_importance': 0.0, 'num_mp_layers': 2, 'layer_type': 'GCN', 'model_type': 'SingleChannel', 'hidden': 16, 'epochs': 200, 'lr': 0.0001, 'expl_lr': 0.001, 'batch_size': 64, 'size_reg': 0.0, 'ent_reg': 0.2, 'ignore_unknowns': False, 'vanilla_dir': 'Vanilla_BC/EXPT-14BC-BBBP-SEED-0-FOLD-0-GCN-MP2-DIM16-Vanilla-None'}
No Explainer parameters will be used. Assuming all node weights are 1
104
72
Warning: Empty motif_edge_index
32
24
32
Warning: Empty motif_edge_index
Warning: Empty motif_edge_index
64
48
Warning: Empty motif_edge_index
32
112
32
8
8
40
8
40
64
8
Warning: Empty motif_edge_index
Warning: Empty motif_edge_index
16
16
16
88
32
24
Warning: Empty motif_edge_index
48
72
104
16
40
Warning: Empty motif_edge_index
Warning: Empty motif_edge_index
104
40
40
16
24
Warning: Empty motif_edge_index
88
Warning: Empty motif_edge_index
24
16
24
64
32
48
8
8
32
Warning: Empty motif_edge_index
32
8
32
24
56
16
8
32
16
16
8
Warning: Empty motif_edge_index
56
56
Warning: Empty motif_edge_index
32
8
Warning: Empty motif_edge_index
8
Warning: Empty motif_edge_index
88
64
32
16
72
24
32
56
40
8
8
Warning: Empty motif_edge_index
72
Warning: Empty motif_edge_index
8
Warning: Empty motif_edge_index
8
96
56
56
24
72
24
Warning: Empty motif_edge_index
32
48
40
8
24
56
40
Warning: Empty motif_edge_index
Warning: Empty motif_edge_index
Warning: Empty motif_edge_index
64
Warning: Empty motif_edge_index
Warning: Empty motif_edge_index
32
64
8
Warning: Empty motif_edge_index
8
32
16
8
56
72
Warning: Empty motif_edge_index
8
24
Warning: Empty motif_edge_index
32
8
8
16
48
80
Warning: Empty motif_edge_index
88
32
64
Warning: Empty motif_edge_index
Warning: Empty motif_edge_index
16
8
80
48
72
8
16
Warning: Empty motif_edge_index
16
Warning: Empty motif_edge_index
88
8
32
48
Warning: Empty motif_edge_index
56
64
48
32
32
104
16
16
104
40
Warning: Empty motif_edge_index
48
64
32
56
32
16
32
16
72
Warning: Empty motif_edge_index
16
8
16
8
16
104
8
16
40
32
8
48
64
8
Warning: Empty motif_edge_index
48
8
16
56
112
32
16
16
48
64
96
8
16
8
8
16
8
16
32
160
96
Warning: Empty motif_edge_index
88
64
32
40
88
56
48
112
32
8
16
80
8
56
24
104
16
48
8
16
16
Warning: Empty motif_edge_index
64
88
24
16
56
Warning: Empty motif_edge_index
16
24
8
72
72
8
Warning: Empty motif_edge_index
112
64
48
Warning: Empty motif_edge_index
8
8
24
56
56
16
72
72
Warning: Empty motif_edge_index
56
64
56
24
Warning: Empty motif_edge_index
Warning: Empty motif_edge_index
56
24
88
Warning: Empty motif_edge_index
120
16
16
64
24
Warning: Empty motif_edge_index
24
48
32
8
32
104
56
24
80
40
48
16
40
Warning: Empty motif_edge_index
80
Warning: Empty motif_edge_index
8
16
32
8
88
Warning: Empty motif_edge_index
16
24
Warning: Empty motif_edge_index
40
96
16
Warning: Empty motif_edge_index
104
Warning: Empty motif_edge_index
32
Warning: Empty motif_edge_index
8
104
8
48
32
88
Warning: Empty motif_edge_index
32
56
56
8
16
Warning: Empty motif_edge_index
8
Warning: Empty motif_edge_index
48
Warning: Empty motif_edge_index
Warning: Empty motif_edge_index
48
8
40
64
64
72
104
48
120
80
8
Warning: Empty motif_edge_index
32
Warning: Empty motif_edge_index
16
64
40
72
32
40
16
8
8
40
80
32
64
112
Warning: Empty motif_edge_index
8
16
32
24
Warning: Empty motif_edge_index
Warning: Empty motif_edge_index
8
64
Warning: Empty motif_edge_index
72
88
16
Warning: Empty motif_edge_index
Warning: Empty motif_edge_index
24
80
32
56
32
Warning: Empty motif_edge_index
48
72
24
72
40
8
Warning: Empty motif_edge_index
24
64
48
48
16
40
88
16
24
32
24
40
16
Warning: Empty motif_edge_index
8
72
72
48
8
16
Warning: Empty motif_edge_index
16
Warning: Empty motif_edge_index
48
8
32
8
32
40
Warning: Empty motif_edge_index
104
32
80
72
8
40
40
Warning: Empty motif_edge_index
Warning: Empty motif_edge_index
16
24
Warning: Empty motif_edge_index
8
24
16
48
32
Warning: Empty motif_edge_index
8
8
Warning: Empty motif_edge_index
Warning: Empty motif_edge_index
48
48
24
64
16
80
8
16
16
40
88
72
80
Warning: Empty motif_edge_index
40
Warning: Empty motif_edge_index
40
Warning: Empty motif_edge_index
112
16
16
24
32
Warning: Empty motif_edge_index
Warning: Empty motif_edge_index
48
Warning: Empty motif_edge_index
8
48
8
24
56
Warning: Empty motif_edge_index
88
16
Warning: Empty motif_edge_index
32
32
Warning: Empty motif_edge_index
40
8
32
40
32
Warning: Empty motif_edge_index
Warning: Empty motif_edge_index
64
Warning: Empty motif_edge_index
8
Warning: Empty motif_edge_index
8
24
120
Warning: Empty motif_edge_index
32
72
16
8
8
88
Warning: Empty motif_edge_index
24
16
8
Warning: Empty motif_edge_index
8
Warning: Empty motif_edge_index
64
32
64
40
16
64
16
72
Warning: Empty motif_edge_index
48
56
16
24
88
88
96
Warning: Empty motif_edge_index
56
40
16
Warning: Empty motif_edge_index
16
24
80
Warning: Empty motif_edge_index
8
32
16
8
Warning: Empty motif_edge_index
Warning: Empty motif_edge_index
128
8
16
8
Warning: Empty motif_edge_index
32
Warning: Empty motif_edge_index
16
32
Warning: Empty motif_edge_index
40
24
56
56
Warning: Empty motif_edge_index
56
40
Warning: Empty motif_edge_index
88
88
8
16
48
16
8
112
Warning: Empty motif_edge_index
48
16
8
Warning: Empty motif_edge_index
56
24
24
16
24
16
Warning: Empty motif_edge_index
40
Warning: Empty motif_edge_index
32
48
16
128
24
8
Warning: Empty motif_edge_index
8
24
16
16
48
Warning: Empty motif_edge_index
96
Warning: Empty motif_edge_index
80
16
16
128
32
32
32
32
8
24
72
56
16
16
96
Warning: Empty motif_edge_index
40
8
24
32
16
24
40
24
Warning: Empty motif_edge_index
88
32
24
40
Warning: Empty motif_edge_index
32
64
32
Warning: Empty motif_edge_index
8
Warning: Empty motif_edge_index
8
32
24
64
24
Warning: Empty motif_edge_index
40
64
16
40
Warning: Empty motif_edge_index
160
24
48
8
72
Warning: Empty motif_edge_index
8
64
104
8
Warning: Empty motif_edge_index
48
56
16
Warning: Empty motif_edge_index
24
8
Warning: Empty motif_edge_index
88
Warning: Empty motif_edge_index
8
24
48
16
16
80
Warning: Empty motif_edge_index
Warning: Empty motif_edge_index
8
Warning: Empty motif_edge_index
Warning: Empty motif_edge_index
16
Warning: Empty motif_edge_index
16
104
Warning: Empty motif_edge_index
16
Warning: Empty motif_edge_index
24
Warning: Empty motif_edge_index
80
80
56
48
16
24
48
Warning: Empty motif_edge_index
16
24
120
80
16
16
24
40
Warning: Empty motif_edge_index
8
Warning: Empty motif_edge_index
Warning: Empty motif_edge_index
40
16
24
8
48
Warning: Empty motif_edge_index
32
48
16
32
64
40
32
104
96
48
64
24
Warning: Empty motif_edge_index
16
16
32
88
72
8
8
Warning: Empty motif_edge_index
Warning: Empty motif_edge_index
40
56
32
8
Warning: Empty motif_edge_index
88
8
144
32
Warning: Empty motif_edge_index
104
24
Warning: Empty motif_edge_index
32
Warning: Empty motif_edge_index
56
16
Warning: Empty motif_edge_index
8
32
8
72
16
8
40
128
Warning: Empty motif_edge_index
88
56
24
24
80
16
16
40
40
88
Warning: Empty motif_edge_index
64
Warning: Empty motif_edge_index
72
32
56
Warning: Empty motif_edge_index
88
Warning: Empty motif_edge_index
88
56
24
16
40
16
Warning: Empty motif_edge_index
24
40
48
24
48
64
8
48
48
32
88
8
Warning: Empty motif_edge_index
24
72
56
88
8
16
24
88
16
16
96
48
40
80
Warning: Empty motif_edge_index
32
16
Warning: Empty motif_edge_index
Warning: Empty motif_edge_index
8
24
40
48
8
40
Warning: Empty motif_edge_index
24
24
8
16
56
64
48
16
8
16
Warning: Empty motif_edge_index
128
24
48
72
Warning: Empty motif_edge_index
72
24
72
24
8
16
32
Warning: Empty motif_edge_index
Warning: Empty motif_edge_index
16
64
8
16
16
40
56
48
16
40
Warning: Empty motif_edge_index
32
48
56
16
16
48
24
80
Warning: Empty motif_edge_index
16
Warning: Empty motif_edge_index
24
64
Warning: Empty motif_edge_index
16
64
112
8
24
48
16
64
Warning: Empty motif_edge_index
8
Warning: Empty motif_edge_index
32
48
64
64
40
Warning: Empty motif_edge_index
8
56
16
8
Warning: Empty motif_edge_index
16
8
16
56
Warning: Empty motif_edge_index
64
40
8
56
Warning: Empty motif_edge_index
112
32
48
72
16
Warning: Empty motif_edge_index
Warning: Empty motif_edge_index
40
48
192
88
Warning: Empty motif_edge_index
104
24
40
Warning: Empty motif_edge_index
8
16
8
32
40
Warning: Empty motif_edge_index
Warning: Empty motif_edge_index
Warning: Empty motif_edge_index
64
88
40
8
24
48
Warning: Empty motif_edge_index
24
32
16
Warning: Empty motif_edge_index
24
56
Warning: Empty motif_edge_index
24
56
Warning: Empty motif_edge_index
104
96
80
8
16
8
96
24
88
Warning: Empty motif_edge_index
80
24
Warning: Empty motif_edge_index
24
16
8
72
104
8
48
16
8
128
24
112
16
64
Warning: Empty motif_edge_index
32
32
32
16
24
32
64
112
40
72
88
16
112
72
88
8
72
8
32
24
16
16
8
56
Warning: Empty motif_edge_index
48
64
Warning: Empty motif_edge_index
56
24
32
64
16
32
120
Warning: Empty motif_edge_index
8
16
Warning: Empty motif_edge_index
48
8
24
64
72
16
Warning: Empty motif_edge_index
48
80
8
56
Warning: Empty motif_edge_index
16
Warning: Empty motif_edge_index
104
Warning: Empty motif_edge_index
24
8
8
16
16
48
104
48
24
8
64
16
96
32
64
16
24
16
88
Warning: Empty motif_edge_index
32
Warning: Empty motif_edge_index
24
40
16
8
48
80
Warning: Empty motif_edge_index
64
Warning: Empty motif_edge_index
Warning: Empty motif_edge_index
40
16
24
40
16
16
16
Warning: Empty motif_edge_index
48
104
56
48
32
40
40
16
8
24
16
64
Warning: Empty motif_edge_index
24
Warning: Empty motif_edge_index
48
Warning: Empty motif_edge_index
80
48
40
120
40
64
16
80
40
48
48
8
48
16
40
80
48
Warning: Empty motif_edge_index
32
120
24
24
40
Warning: Empty motif_edge_index
48
8
16
Warning: Empty motif_edge_index
Warning: Empty motif_edge_index
40
16
88
80
80
80
16
88
8
56
24
88
112
Warning: Empty motif_edge_index
8
104
56
80
Warning: Empty motif_edge_index
8
Warning: Empty motif_edge_index
Warning: Empty motif_edge_index
72
64
16
96
8
16
8
96
Warning: Empty motif_edge_index
16
16
16
40
Warning: Empty motif_edge_index
16
Warning: Empty motif_edge_index
8
8
8
40
40
88
Warning: Empty motif_edge_index
16
Warning: Empty motif_edge_index
32
56
80
64
16
8
16
8
24
24
72
104
24
96
16
16
8
16
48
88
48
16
Warning: Empty motif_edge_index
72
136
16
8
16
56
8
40
Warning: Empty motif_edge_index
24
32
Warning: Empty motif_edge_index
40
88
24
8
16
40
32
72
32
Warning: Empty motif_edge_index
8
64
80
48
64
8
8
8
56
56
56
32
48
16
120
24
16
16
16
40
48
40
8
40
8
8
32
8
80
48
Warning: Empty motif_edge_index
Warning: Empty motif_edge_index
Warning: Empty motif_edge_index
104
48
104
16
8
16
24
72
48
24
48
40
24
48
Warning: Empty motif_edge_index
Warning: Empty motif_edge_index
Warning: Empty motif_edge_index
32
8
16
40
Warning: Empty motif_edge_index
Warning: Empty motif_edge_index
48
40
56
64
72
16
Warning: Empty motif_edge_index
24
Warning: Empty motif_edge_index
8
Warning: Empty motif_edge_index
48
72
40
8
168
80
56
16
Warning: Empty motif_edge_index
96
8
8
Warning: Empty motif_edge_index
8
72
Warning: Empty motif_edge_index
56
8
16
32
16
64
64
24
24
48
24
56
24
40
56
Warning: Empty motif_edge_index
56
40
32
16
56
24
48
Warning: Empty motif_edge_index
96
8
48
56
24
104
8
Warning: Empty motif_edge_index
24
96
104
176
112
Warning: Empty motif_edge_index
72
88
40
32
72
24
64
24
32
16
56
Warning: Empty motif_edge_index
8
16
40
Warning: Empty motif_edge_index
128
104
16
16
Warning: Empty motif_edge_index
104
8
112
40
40
72
64
104
120
40
32
88
16
72
Warning: Empty motif_edge_index
32
24
16
16
40
80
24
24
48
24
16
24
72
Warning: Empty motif_edge_index
48
144
120
88
112
Warning: Empty motif_edge_index
Warning: Empty motif_edge_index
Warning: Empty motif_edge_index
40
8
72
64
64
8
88
40
48
16
64
16
16
Warning: Empty motif_edge_index
Warning: Empty motif_edge_index
64
32
Warning: Empty motif_edge_index
Warning: Empty motif_edge_index
48
88
32
Warning: Empty motif_edge_index
64
128
Warning: Empty motif_edge_index
8
96
32
72
24
32
24
8
16
88
104
48
32
Warning: Empty motif_edge_index
32
56
24
8
16
32
104
24
64
80
56
8
32
40
Warning: Empty motif_edge_index
104
32
8
64
Warning: Empty motif_edge_index
16
Warning: Empty motif_edge_index
64
56
24
136
72
16
48
24
32
40
96
24
32
16
48
48
Warning: Empty motif_edge_index
48
16
24
Warning: Empty motif_edge_index
48
Warning: Empty motif_edge_index
40
24
8
88
8
104
16
112
8
Warning: Empty motif_edge_index
32
96
16
8
32
72
Warning: Empty motif_edge_index
8
88
8
32
Warning: Empty motif_edge_index
48
56
64
24
Warning: Empty motif_edge_index
8
16
72
Warning: Empty motif_edge_index
48
56
32
48
Warning: Empty motif_edge_index
8
24
Warning: Empty motif_edge_index
Warning: Empty motif_edge_index
8
8
Warning: Empty motif_edge_index
56
72
40
64
40
56
80
24
Warning: Empty motif_edge_index
8
Warning: Empty motif_edge_index
160
16
40
Warning: Empty motif_edge_index
104
40
24
72
48
40
40
40
16
48
8
80
48
Warning: Empty motif_edge_index
Warning: Empty motif_edge_index
Warning: Empty motif_edge_index
56
56
16
64
32
24
8
8
24
40
136
48
48
8
8
88
88
16
8
32
88
Warning: Empty motif_edge_index
16
32
Warning: Empty motif_edge_index
48
24
32
48
88
Warning: Empty motif_edge_index
24
40
24
16
8
16
32
8
24
16
8
Warning: Empty motif_edge_index
24
Warning: Empty motif_edge_index
8
64
16
48
64
24
24
16
24
Warning: Empty motif_edge_index
48
56
16
24
8
8
72
16
Warning: Empty motif_edge_index
Warning: Empty motif_edge_index
32
88
56
80
48
40
8
48
8
Warning: Empty motif_edge_index
8
16
48
104
8
24
Warning: Empty motif_edge_index
72
8
64
72
72
8
8
88
24
Warning: Empty motif_edge_index
8
64
24
16
Warning: Empty motif_edge_index
136
16
24
8
56
40
40
56
8
56
8
32
40
112
Warning: Empty motif_edge_index
32
24
Warning: Empty motif_edge_index
16
16
32
96
16
56
56
40
8
8
16
Warning: Empty motif_edge_index
Warning: Empty motif_edge_index
112
Warning: Empty motif_edge_index
32
Warning: Empty motif_edge_index
Warning: Empty motif_edge_index
Warning: Empty motif_edge_index
48
32
Warning: Empty motif_edge_index
56
24
80
Warning: Empty motif_edge_index
8
8
32
16
16
56
144
40
Warning: Empty motif_edge_index
8
48
48
48
136
32
72
Warning: Empty motif_edge_index
40
16
56
Warning: Empty motif_edge_index
24
Warning: Empty motif_edge_index
72
8
16
160
40
16
8
Warning: Empty motif_edge_index
8
16
8
Warning: Empty motif_edge_index
72
40
96
Warning: Empty motif_edge_index
40
8
24
8
8
24
104
32
80
40
16
32
56
Warning: Empty motif_edge_index
40
48
32
72
56
Warning: Empty motif_edge_index
88
72
40
96
16
32
Getting motif embedding!
Training motif_embedding along with T_encoder.
Epoch 0, Loss: 1863.9670330286026, Topo Loss: 406.8298970460892, Label Loss: 252.43840730190277, KL Loss: 0, Emb Loss: 897.0088086724281, Pred Loss: 307.6899187359959, Acc: 0.01320321469575201, Acc_count: 23.
Epoch 1, Loss: 1043.8935643434525, Topo Loss: 335.96188646554947, Label Loss: 209.7804374396801, KL Loss: 0, Emb Loss: 195.1076870560646, Pred Loss: 303.04355327412486, Acc: 0.0057405281285878304, Acc_count: 10.
Epoch 2, Loss: 967.8794403076172, Topo Loss: 312.5346542596817, Label Loss: 196.28011193871498, KL Loss: 0, Emb Loss: 156.24116755649447, Pred Loss: 302.82350786216557, Acc: 0.004018369690011481, Acc_count: 7.
Epoch 3, Loss: 915.7153919935226, Topo Loss: 304.5949727296829, Label Loss: 187.21547988057137, KL Loss: 0, Emb Loss: 136.27617009542882, Pred Loss: 287.62877122685313, Acc: 0.0028702640642939152, Acc_count: 5.
Epoch 4, Loss: 923.3601171970367, Topo Loss: 319.5965141057968, Label Loss: 187.09909051656723, KL Loss: 0, Emb Loss: 122.65230872295797, Pred Loss: 294.0122022740543, Acc: 0.002296211251435132, Acc_count: 4.
Epoch 5, Loss: 1048.7334532737732, Topo Loss: 306.70687156915665, Label Loss: 187.06082260608673, KL Loss: 0, Emb Loss: 258.5684630610049, Pred Loss: 296.39729921519756, Acc: 0.002296211251435132, Acc_count: 4.
Epoch 6, Loss: 899.8187466859818, Topo Loss: 303.23345190286636, Label Loss: 178.4937234222889, KL Loss: 0, Emb Loss: 121.52704720571637, Pred Loss: 296.56452256813645, Acc: 0.000574052812858783, Acc_count: 1.
Epoch 7, Loss: 880.493901848793, Topo Loss: 302.774873316288, Label Loss: 176.61056143045425, KL Loss: 0, Emb Loss: 110.48703531362116, Pred Loss: 290.6214311309159, Acc: 0.0028702640642939152, Acc_count: 5.
Epoch 8, Loss: 872.3619612455368, Topo Loss: 305.2735199332237, Label Loss: 174.50995893776417, KL Loss: 0, Emb Loss: 101.67319369874895, Pred Loss: 290.9052889421582, Acc: 0.002296211251435132, Acc_count: 4.
Epoch 9, Loss: 858.4714295864105, Topo Loss: 301.28090792894363, Label Loss: 169.82288041710854, KL Loss: 0, Emb Loss: 90.63563304767013, Pred Loss: 296.7320076841861, Acc: 0.002296211251435132, Acc_count: 4.
Epoch 10, Loss: 843.7749419212341, Topo Loss: 297.61154568195343, Label Loss: 169.08988785743713, KL Loss: 0, Emb Loss: 90.70989202149212, Pred Loss: 286.3636157270521, Acc: 0.001722158438576349, Acc_count: 3.
Epoch 11, Loss: 849.8320311307907, Topo Loss: 299.76261281967163, Label Loss: 173.9024350643158, KL Loss: 0, Emb Loss: 80.9741935543716, Pred Loss: 295.1927902903408, Acc: 0.001722158438576349, Acc_count: 3.
Epoch 12, Loss: 841.0584006309509, Topo Loss: 298.893436729908, Label Loss: 168.12806318700314, KL Loss: 0, Emb Loss: 87.9191264808178, Pred Loss: 286.1177719384432, Acc: 0.001722158438576349, Acc_count: 3.
Epoch 13, Loss: 843.6079300642014, Topo Loss: 299.7811333537102, Label Loss: 165.56404447555542, KL Loss: 0, Emb Loss: 94.23770335875452, Pred Loss: 284.0250503271818, Acc: 0.004018369690011481, Acc_count: 7.
Epoch 14, Loss: 855.3271088600159, Topo Loss: 300.2211748957634, Label Loss: 167.8316324353218, KL Loss: 0, Emb Loss: 97.52814858779311, Pred Loss: 289.746150508523, Acc: 0.001722158438576349, Acc_count: 3.
Epoch 15, Loss: 819.620065331459, Topo Loss: 298.6832801103592, Label Loss: 162.94754116237164, KL Loss: 0, Emb Loss: 79.38449491374195, Pred Loss: 278.6047505065799, Acc: 0.003444316877152698, Acc_count: 6.
Epoch 16, Loss: 839.0536185503006, Topo Loss: 297.8197038769722, Label Loss: 163.9257676154375, KL Loss: 0, Emb Loss: 81.82671112567186, Pred Loss: 295.4814370982349, Acc: 0.0028702640642939152, Acc_count: 5.
Epoch 17, Loss: 844.0901085138321, Topo Loss: 299.3215618133545, Label Loss: 163.84896996617317, KL Loss: 0, Emb Loss: 89.29718887992203, Pred Loss: 291.6223862618208, Acc: 0.004018369690011481, Acc_count: 7.
Epoch 18, Loss: 835.0818371772766, Topo Loss: 298.8292307853699, Label Loss: 163.6800541728735, KL Loss: 0, Emb Loss: 76.8945533670485, Pred Loss: 295.6779980901629, Acc: 0.002296211251435132, Acc_count: 4.
Epoch 19, Loss: 830.265007853508, Topo Loss: 296.46985590457916, Label Loss: 160.71604910492897, KL Loss: 0, Emb Loss: 84.40814205817878, Pred Loss: 288.6709606135264, Acc: 0.004018369690011481, Acc_count: 7.
Epoch 20, Loss: 829.7570667266846, Topo Loss: 298.2979784607887, Label Loss: 164.74319598078728, KL Loss: 0, Emb Loss: 82.34745825547725, Pred Loss: 284.368432123214, Acc: 0.001722158438576349, Acc_count: 3.
Epoch 21, Loss: 833.371572971344, Topo Loss: 301.7568181157112, Label Loss: 171.13374687731266, KL Loss: 0, Emb Loss: 77.8127178195864, Pred Loss: 282.6682913666591, Acc: 0.003444316877152698, Acc_count: 6.
Epoch 22, Loss: 825.0900300741196, Topo Loss: 298.9985496997833, Label Loss: 161.59819574654102, KL Loss: 0, Emb Loss: 76.83167324960232, Pred Loss: 287.66160836443305, Acc: 0.0057405281285878304, Acc_count: 10.
Epoch 23, Loss: 815.4733630418777, Topo Loss: 298.38348710536957, Label Loss: 161.3556087166071, KL Loss: 0, Emb Loss: 75.85264922305942, Pred Loss: 279.88161982037127, Acc: 0.006314580941446613, Acc_count: 11.
Epoch 24, Loss: 851.2380340099335, Topo Loss: 308.5174830555916, Label Loss: 177.4128483235836, KL Loss: 0, Emb Loss: 77.83089697919786, Pred Loss: 287.4768052753061, Acc: 0.0057405281285878304, Acc_count: 10.
Epoch 25, Loss: 818.115274310112, Topo Loss: 296.5917744040489, Label Loss: 160.96632358431816, KL Loss: 0, Emb Loss: 73.65857138298452, Pred Loss: 286.89860679395497, Acc: 0.006314580941446613, Acc_count: 11.
Epoch 26, Loss: 812.1881527304649, Topo Loss: 299.99776673316956, Label Loss: 158.82125717401505, KL Loss: 0, Emb Loss: 69.55887834914029, Pred Loss: 283.8102512508631, Acc: 0.0057405281285878304, Acc_count: 10.
Epoch 27, Loss: 805.8896209001541, Topo Loss: 297.0906835794449, Label Loss: 160.348130017519, KL Loss: 0, Emb Loss: 75.19391050375998, Pred Loss: 273.25689921714365, Acc: 0.008610792192881744, Acc_count: 15.
Epoch 28, Loss: 822.5521610975266, Topo Loss: 298.3967435956001, Label Loss: 162.03760632872581, KL Loss: 0, Emb Loss: 77.66248221322894, Pred Loss: 284.4553297245875, Acc: 0.006888633754305396, Acc_count: 12.
Epoch 29, Loss: 834.2549073696136, Topo Loss: 299.907805621624, Label Loss: 171.9096919298172, KL Loss: 0, Emb Loss: 71.94784618914127, Pred Loss: 290.48956592567265, Acc: 0.003444316877152698, Acc_count: 6.
Epoch 30, Loss: 841.4968981742859, Topo Loss: 299.4878886938095, Label Loss: 173.8454053401947, KL Loss: 0, Emb Loss: 82.39525855146348, Pred Loss: 285.7683477513492, Acc: 0.0028702640642939152, Acc_count: 5.
Epoch 31, Loss: 818.2661789655685, Topo Loss: 299.663281083107, Label Loss: 158.1101799607277, KL Loss: 0, Emb Loss: 74.17259125597775, Pred Loss: 286.3201259672642, Acc: 0.002296211251435132, Acc_count: 4.
Epoch 32, Loss: 808.196791768074, Topo Loss: 298.05698466300964, Label Loss: 158.51646468043327, KL Loss: 0, Emb Loss: 69.27171076275408, Pred Loss: 282.3516316898167, Acc: 0.003444316877152698, Acc_count: 6.
Epoch 33, Loss: 811.1466207504272, Topo Loss: 298.89531350135803, Label Loss: 158.62637296319008, KL Loss: 0, Emb Loss: 69.19624261092395, Pred Loss: 284.42869204096496, Acc: 0.006888633754305396, Acc_count: 12.
Epoch 34, Loss: 815.6891002655029, Topo Loss: 298.92734348773956, Label Loss: 161.97978456318378, KL Loss: 0, Emb Loss: 70.54550876840949, Pred Loss: 284.23646182380617, Acc: 0.0028702640642939152, Acc_count: 5.
Epoch 35, Loss: 843.4576907157898, Topo Loss: 303.3545951843262, Label Loss: 165.5231028944254, KL Loss: 0, Emb Loss: 80.65357903484255, Pred Loss: 293.92641503643245, Acc: 0.0028702640642939152, Acc_count: 5.
Epoch 36, Loss: 822.720419049263, Topo Loss: 300.19033962488174, Label Loss: 164.11190684139729, KL Loss: 0, Emb Loss: 68.40297886542976, Pred Loss: 290.01519041508436, Acc: 0.003444316877152698, Acc_count: 6.
Epoch 37, Loss: 817.4754997491837, Topo Loss: 297.7384022474289, Label Loss: 163.13915035128593, KL Loss: 0, Emb Loss: 72.83926594257355, Pred Loss: 283.75868444889784, Acc: 0.003444316877152698, Acc_count: 6.
Epoch 38, Loss: 815.4618611335754, Topo Loss: 299.21350890398026, Label Loss: 158.59662182629108, KL Loss: 0, Emb Loss: 71.00035371258855, Pred Loss: 286.6513756942004, Acc: 0.001148105625717566, Acc_count: 2.
Epoch 39, Loss: 811.7036354541779, Topo Loss: 298.33472603559494, Label Loss: 156.29179464280605, KL Loss: 0, Emb Loss: 69.10274919494987, Pred Loss: 287.9743657950312, Acc: 0.006314580941446613, Acc_count: 11.
Epoch 40, Loss: 795.996652841568, Topo Loss: 298.61166220903397, Label Loss: 154.74639669060707, KL Loss: 0, Emb Loss: 65.9026441751048, Pred Loss: 276.735949318856, Acc: 0.006888633754305396, Acc_count: 12.
Epoch 41, Loss: 811.6254544258118, Topo Loss: 298.5230637192726, Label Loss: 157.80519872903824, KL Loss: 0, Emb Loss: 69.49075077939779, Pred Loss: 285.8064420912415, Acc: 0.006888633754305396, Acc_count: 12.
Epoch 42, Loss: 820.3334094285965, Topo Loss: 298.26208156347275, Label Loss: 162.108821362257, KL Loss: 0, Emb Loss: 71.89248672313988, Pred Loss: 288.0700161457062, Acc: 0.007462686567164179, Acc_count: 13.
Epoch 43, Loss: 821.374930024147, Topo Loss: 298.32455909252167, Label Loss: 162.53359170258045, KL Loss: 0, Emb Loss: 69.41129826940596, Pred Loss: 291.10548030305654, Acc: 0.004592422502870264, Acc_count: 8.
Epoch 44, Loss: 812.1421951055527, Topo Loss: 297.290159702301, Label Loss: 159.77146856486797, KL Loss: 0, Emb Loss: 70.5272980555892, Pred Loss: 284.55326899141073, Acc: 0.006314580941446613, Acc_count: 11.
Epoch 45, Loss: 821.372487783432, Topo Loss: 302.5059494972229, Label Loss: 165.16051000356674, KL Loss: 0, Emb Loss: 71.20681650750339, Pred Loss: 282.49921377003193, Acc: 0.004018369690011481, Acc_count: 7.
Epoch 46, Loss: 817.8108398914337, Topo Loss: 298.3912517428398, Label Loss: 163.02192309498787, KL Loss: 0, Emb Loss: 72.19029150158167, Pred Loss: 284.20737469382584, Acc: 0.005166475315729047, Acc_count: 9.
Epoch 47, Loss: 805.1912140846252, Topo Loss: 301.0197678208351, Label Loss: 164.50765180587769, KL Loss: 0, Emb Loss: 64.68480274453759, Pred Loss: 274.9789943806827, Acc: 0.005166475315729047, Acc_count: 9.
Epoch 48, Loss: 837.7438181638718, Topo Loss: 300.5303553342819, Label Loss: 160.65543219447136, KL Loss: 0, Emb Loss: 80.07079412043095, Pred Loss: 296.48723571933806, Acc: 0.003444316877152698, Acc_count: 6.
Epoch 49, Loss: 833.5165311098099, Topo Loss: 303.6633626818657, Label Loss: 171.57891526818275, KL Loss: 0, Emb Loss: 73.72868987545371, Pred Loss: 284.54556529410183, Acc: 0.004592422502870264, Acc_count: 8.
Epoch 50, Loss: 832.5945577025414, Topo Loss: 299.35071474313736, Label Loss: 167.1917375922203, KL Loss: 0, Emb Loss: 69.4507846571505, Pred Loss: 296.6013191882521, Acc: 0.005166475315729047, Acc_count: 9.
Epoch 51, Loss: 826.261871099472, Topo Loss: 298.7727093696594, Label Loss: 163.67745526134968, KL Loss: 0, Emb Loss: 77.67920583672822, Pred Loss: 286.1324989190325, Acc: 0.0057405281285878304, Acc_count: 10.
Epoch 52, Loss: 813.2988107800484, Topo Loss: 298.74527353048325, Label Loss: 166.79225279390812, KL Loss: 0, Emb Loss: 70.0356470439583, Pred Loss: 277.725637614727, Acc: 0.0057405281285878304, Acc_count: 10.
Epoch 53, Loss: 803.0965551137924, Topo Loss: 297.82366275787354, Label Loss: 158.3817400187254, KL Loss: 0, Emb Loss: 63.13062962144613, Pred Loss: 283.7605216130614, Acc: 0.008036739380022962, Acc_count: 14.
Epoch 54, Loss: 807.6542930603027, Topo Loss: 297.9352263212204, Label Loss: 160.85534040629864, KL Loss: 0, Emb Loss: 66.63914616592228, Pred Loss: 282.2245829552412, Acc: 0.005166475315729047, Acc_count: 9.
Epoch 55, Loss: 832.6731572151184, Topo Loss: 298.68577098846436, Label Loss: 167.33236476778984, KL Loss: 0, Emb Loss: 80.75586458481848, Pred Loss: 285.8991550523788, Acc: 0.006314580941446613, Acc_count: 11.
Epoch 56, Loss: 816.8333277702332, Topo Loss: 297.7074621915817, Label Loss: 159.52768279612064, KL Loss: 0, Emb Loss: 71.74083238653839, Pred Loss: 287.8573515508324, Acc: 0.008036739380022962, Acc_count: 14.
Epoch 57, Loss: 824.032679438591, Topo Loss: 303.10155683755875, Label Loss: 168.4532585144043, KL Loss: 0, Emb Loss: 66.87521762680262, Pred Loss: 285.6026468332857, Acc: 0.011481056257175661, Acc_count: 20.
Epoch 58, Loss: 816.8562846183777, Topo Loss: 298.2532430291176, Label Loss: 160.40890888869762, KL Loss: 0, Emb Loss: 66.81218999065459, Pred Loss: 291.3819443490356, Acc: 0.008610792192881744, Acc_count: 15.
Epoch 59, Loss: 821.3692253828049, Topo Loss: 300.76799404621124, Label Loss: 162.64768770337105, KL Loss: 0, Emb Loss: 71.15951088536531, Pred Loss: 286.7940336819738, Acc: 0.005166475315729047, Acc_count: 9.
Epoch 60, Loss: 828.2126950025558, Topo Loss: 298.2229138612747, Label Loss: 166.7343879044056, KL Loss: 0, Emb Loss: 68.3382663782686, Pred Loss: 294.9171255156398, Acc: 0.004592422502870264, Acc_count: 8.
Epoch 61, Loss: 814.4562931060791, Topo Loss: 299.17692744731903, Label Loss: 158.12219531834126, KL Loss: 0, Emb Loss: 65.5204938519746, Pred Loss: 291.63667384535074, Acc: 0.008610792192881744, Acc_count: 15.
Epoch 62, Loss: 816.1348069906235, Topo Loss: 297.5370337963104, Label Loss: 165.97348782420158, KL Loss: 0, Emb Loss: 71.67967684939504, Pred Loss: 280.944609194994, Acc: 0.004592422502870264, Acc_count: 8.
Epoch 63, Loss: 814.9605848789215, Topo Loss: 299.89632189273834, Label Loss: 164.35459350049496, KL Loss: 0, Emb Loss: 67.31047097407281, Pred Loss: 283.3992004059255, Acc: 0.006314580941446613, Acc_count: 11.
Epoch 64, Loss: 807.748277425766, Topo Loss: 298.93857032060623, Label Loss: 156.26399371027946, KL Loss: 0, Emb Loss: 65.03020748123527, Pred Loss: 287.51550383865833, Acc: 0.009184845005740528, Acc_count: 16.
Epoch 65, Loss: 835.9300981760025, Topo Loss: 299.7577543258667, Label Loss: 168.02778616547585, KL Loss: 0, Emb Loss: 76.01306782662868, Pred Loss: 292.13148986548185, Acc: 0.0028702640642939152, Acc_count: 5.
Epoch 66, Loss: 817.6821900606155, Topo Loss: 301.32283610105515, Label Loss: 167.46788296103477, KL Loss: 0, Emb Loss: 68.58460777439177, Pred Loss: 280.30686294287443, Acc: 0.008036739380022962, Acc_count: 14.
Epoch 67, Loss: 835.5269615650177, Topo Loss: 300.1146826148033, Label Loss: 180.27645215392113, KL Loss: 0, Emb Loss: 65.43122846446931, Pred Loss: 289.7046011220664, Acc: 0.003444316877152698, Acc_count: 6.
Epoch 68, Loss: 823.4227191209793, Topo Loss: 298.91262090206146, Label Loss: 164.8103646337986, KL Loss: 0, Emb Loss: 63.48482347652316, Pred Loss: 296.21491138264537, Acc: 0.0057405281285878304, Acc_count: 10.
Epoch 69, Loss: 811.3920024633408, Topo Loss: 301.02256214618683, Label Loss: 159.9432907998562, KL Loss: 0, Emb Loss: 61.97662030532956, Pred Loss: 288.4495278224349, Acc: 0.006888633754305396, Acc_count: 12.
Epoch 70, Loss: 815.93084025383, Topo Loss: 300.686640560627, Label Loss: 165.91067245602608, KL Loss: 0, Emb Loss: 63.60594669915736, Pred Loss: 285.72758106328547, Acc: 0.004592422502870264, Acc_count: 8.
Epoch 71, Loss: 802.9948953390121, Topo Loss: 300.1292588710785, Label Loss: 158.32592383027077, KL Loss: 0, Emb Loss: 61.820365184918046, Pred Loss: 282.71934758499265, Acc: 0.005166475315729047, Acc_count: 9.
Epoch 72, Loss: 816.9756393432617, Topo Loss: 298.0103178024292, Label Loss: 162.85875460505486, KL Loss: 0, Emb Loss: 64.26738234143704, Pred Loss: 291.8391851224005, Acc: 0.006314580941446613, Acc_count: 11.
Epoch 73, Loss: 829.1677391529083, Topo Loss: 300.3977259993553, Label Loss: 177.15732771158218, KL Loss: 0, Emb Loss: 62.37520863674581, Pred Loss: 289.23747573047876, Acc: 0.008036739380022962, Acc_count: 14.
Epoch 74, Loss: 801.5529131889343, Topo Loss: 300.95871460437775, Label Loss: 169.04057186841965, KL Loss: 0, Emb Loss: 56.73216806957498, Pred Loss: 274.82145646959543, Acc: 0.007462686567164179, Acc_count: 13.
Epoch 75, Loss: 849.8612904548645, Topo Loss: 299.67642390727997, Label Loss: 166.7569345831871, KL Loss: 0, Emb Loss: 91.92123248241842, Pred Loss: 291.5066973529756, Acc: 0.010332950631458095, Acc_count: 18.
Epoch 76, Loss: 812.994066119194, Topo Loss: 301.8887405395508, Label Loss: 165.58063539862633, KL Loss: 0, Emb Loss: 61.14984650351107, Pred Loss: 284.37484384328127, Acc: 0.004592422502870264, Acc_count: 8.
Epoch 77, Loss: 826.5998060703278, Topo Loss: 299.5972920656204, Label Loss: 166.73485192656517, KL Loss: 0, Emb Loss: 68.72252332791686, Pred Loss: 291.54514172300696, Acc: 0.008036739380022962, Acc_count: 14.
Epoch 78, Loss: 834.7472923994064, Topo Loss: 299.5603811740875, Label Loss: 175.76832009851933, KL Loss: 0, Emb Loss: 64.4872750993818, Pred Loss: 294.93131675198674, Acc: 0.004018369690011481, Acc_count: 7.
Epoch 79, Loss: 827.8682140111923, Topo Loss: 299.9902733564377, Label Loss: 166.1427574902773, KL Loss: 0, Emb Loss: 77.15799670293927, Pred Loss: 284.5771859642118, Acc: 0.006888633754305396, Acc_count: 12.
Epoch 80, Loss: 805.8916170597076, Topo Loss: 298.72734874486923, Label Loss: 162.8963321596384, KL Loss: 0, Emb Loss: 59.84901059605181, Pred Loss: 284.41892347484827, Acc: 0.010332950631458095, Acc_count: 18.
Epoch 81, Loss: 804.8994340896606, Topo Loss: 300.0224543809891, Label Loss: 164.30444978177547, KL Loss: 0, Emb Loss: 63.392117727547884, Pred Loss: 277.18041350506246, Acc: 0.010332950631458095, Acc_count: 18.
Epoch 82, Loss: 829.8772846460342, Topo Loss: 313.47530806064606, Label Loss: 166.9782388061285, KL Loss: 0, Emb Loss: 60.383020816370845, Pred Loss: 289.0407156124711, Acc: 0.006888633754305396, Acc_count: 12.
Epoch 83, Loss: 828.6211928129196, Topo Loss: 307.25544679164886, Label Loss: 178.0613635778427, KL Loss: 0, Emb Loss: 57.81962592806667, Pred Loss: 285.4847550969571, Acc: 0.009184845005740528, Acc_count: 16.
Epoch 84, Loss: 821.739249587059, Topo Loss: 298.7173026204109, Label Loss: 164.97772681713104, KL Loss: 0, Emb Loss: 68.59601775277406, Pred Loss: 289.4482037201524, Acc: 0.006314580941446613, Acc_count: 11.
Epoch 85, Loss: 798.18969643116, Topo Loss: 297.8289995789528, Label Loss: 161.4216827750206, KL Loss: 0, Emb Loss: 54.54122121538967, Pred Loss: 284.39779424481094, Acc: 0.010332950631458095, Acc_count: 18.
Epoch 86, Loss: 810.1348897218704, Topo Loss: 299.0743154287338, Label Loss: 167.62827891111374, KL Loss: 0, Emb Loss: 61.40541473869234, Pred Loss: 282.0268837362528, Acc: 0.008610792192881744, Acc_count: 15.
Epoch 87, Loss: 823.4332249164581, Topo Loss: 298.2806444168091, Label Loss: 165.1884956508875, KL Loss: 0, Emb Loss: 68.2200688868761, Pred Loss: 291.74401783943176, Acc: 0.006314580941446613, Acc_count: 11.
Epoch 88, Loss: 814.0691275596619, Topo Loss: 297.4902005791664, Label Loss: 160.50655263662338, KL Loss: 0, Emb Loss: 62.407290406525135, Pred Loss: 293.6650830898434, Acc: 0.006314580941446613, Acc_count: 11.
Epoch 89, Loss: 821.6089314222336, Topo Loss: 298.50860118865967, Label Loss: 171.98208472132683, KL Loss: 0, Emb Loss: 59.068667562678456, Pred Loss: 292.049581348896, Acc: 0.008610792192881744, Acc_count: 15.
Epoch 90, Loss: 826.5955176353455, Topo Loss: 307.47056210041046, Label Loss: 179.62267431616783, KL Loss: 0, Emb Loss: 56.08743105828762, Pred Loss: 283.4148498377763, Acc: 0.0057405281285878304, Acc_count: 10.
Epoch 91, Loss: 818.9644359350204, Topo Loss: 302.17476308345795, Label Loss: 167.7133713066578, KL Loss: 0, Emb Loss: 66.52321037044749, Pred Loss: 282.5530923847109, Acc: 0.0028702640642939152, Acc_count: 5.
Epoch 92, Loss: 804.0935121774673, Topo Loss: 297.6369099020958, Label Loss: 159.72796049714088, KL Loss: 0, Emb Loss: 57.58984216861427, Pred Loss: 289.13880100287497, Acc: 0.00975889781859931, Acc_count: 17.
Epoch 93, Loss: 816.7655801773071, Topo Loss: 299.14507752656937, Label Loss: 168.81172938644886, KL Loss: 0, Emb Loss: 65.11991406977177, Pred Loss: 283.68885849416256, Acc: 0.005166475315729047, Acc_count: 9.
Epoch 94, Loss: 810.1226949691772, Topo Loss: 300.43057215213776, Label Loss: 161.84551653265953, KL Loss: 0, Emb Loss: 65.0833960743621, Pred Loss: 282.76320768520236, Acc: 0.008036739380022962, Acc_count: 14.
Epoch 95, Loss: 823.0665819644928, Topo Loss: 300.03518360853195, Label Loss: 176.4791925549507, KL Loss: 0, Emb Loss: 61.17871764861047, Pred Loss: 285.37348977290094, Acc: 0.007462686567164179, Acc_count: 13.
Epoch 96, Loss: 814.9753060340881, Topo Loss: 302.0674975514412, Label Loss: 165.77935674786568, KL Loss: 0, Emb Loss: 62.72495782747865, Pred Loss: 284.40349528566003, Acc: 0.008036739380022962, Acc_count: 14.
Epoch 97, Loss: 803.6940131187439, Topo Loss: 300.3231117129326, Label Loss: 163.13916623592377, KL Loss: 0, Emb Loss: 57.69500004127622, Pred Loss: 282.5367347076535, Acc: 0.007462686567164179, Acc_count: 13.
Epoch 98, Loss: 817.79190325737, Topo Loss: 300.61430364847183, Label Loss: 165.75153172016144, KL Loss: 0, Emb Loss: 59.298204529099166, Pred Loss: 292.127863407135, Acc: 0.010332950631458095, Acc_count: 18.
Epoch 99, Loss: 825.2983059883118, Topo Loss: 300.4320584535599, Label Loss: 175.40545576810837, KL Loss: 0, Emb Loss: 56.60600465349853, Pred Loss: 292.85478489100933, Acc: 0.008036739380022962, Acc_count: 14.
True
True
True
True
True
True
True
True
True
True
True
Running MAGE get_motif_mask...
